---end scope---
f INT 0
line 4: variable a is not defined
