---end scope---
d INT 0
line 4: identifier a is already defined
